Microchip MPLAB XC8 Compiler V2.32

Linker command line:

-W-3 --edf=C:\Program Files\Microchip\xc8\v2.32\pic\dat\en_msgs.txt -cn \
  -h+dist/default/production\Proyecto.X.production.sym \
  --cmf=dist/default/production\Proyecto.X.production.cmf -z -Q16F887 \
  -oC:\Users\user\AppData\Local\Temp\xcAs9kk.4 --defsym=__MPLAB_BUILD=1 \
  -Mdist/default/production/Proyecto.X.production.map -E1 -ver=XC8 Compiler \
  --acfsm=1493 -ASTACK=0110h-016Fh -pstack=STACK -ACODE=00h-07FFhx4 \
  -ASTRCODE=00h-01FFFh -ASTRING=00h-0FFhx32 -ACONST=00h-0FFhx32 \
  -AENTRY=00h-0FFhx32 -ACOMMON=070h-07Fh -ABANK0=020h-06Fh \
  -ABANK1=0A0h-0EFh -ABANK2=0110h-016Fh -ABANK3=0190h-01EFh \
  -ARAM=020h-06Fh,0A0h-0EFh,0110h-016Fh,0190h-01EFh \
  -AABS1=020h-07Fh,0A0h-0EFh,0110h-016Fh,0190h-01EFh -ASFR0=00h-01Fh \
  -ASFR1=080h-09Fh -ASFR2=0100h-010Fh -ASFR3=0180h-018Fh \
  -ACONFIG=02007h-02008h -DCONFIG=2 -AIDLOC=02000h-02003h -DIDLOC=2 \
  -AEEDATA=00h-0FFh/02100h -peeprom_data=EEDATA -DEEDATA=2 -DCODE=2 \
  -DSTRCODE=2 -DSTRING=2 -DCONST=2 -DENTRY=2 \
  -preset_vec=00h,intentry=04h,init,end_init -ppowerup=CODE -pcinit=CODE \
  -pfunctab=ENTRY -k C:\Users\user\AppData\Local\Temp\xcAs9kk.o \
  dist/default/production\Proyecto.X.production.o 

Object code version is 3.11

Machine type is 16F887



                Name                               Link     Load   Length Selector   Space Scale
C:\Users\user\AppData\Local\Temp\xcAs9kk.o
                end_init                              E        E        3        8       0
                reset_vec                             0        0        3        0       0
                config                             2007     2007        2        0       4
dist/default/production\Proyecto.X.production.o
                cinit                                11       11       1B        8       0
                intentry                              4        4        A        8       0
                config                             2007     2007        2        0       4
                text7                                A1       A1       47        8       0
                text6                                2C       2C       75        8       0
                text5                               121      121       38        8       0
                text4                               185      185       1C        8       0
                text3                                E8       E8       39        8       0
                text2                               1A1      1A1       16        8       0
                text1                               159      159       2C        8       0
                maintext                            1B7      1B7        E        8       0
                cstackBANK0                          2F       2F        3       20       1
                cstackCOMMON                         76       76        6       70       1
                bssBANK0                             20       20        F       20       1
                bssCOMMON                            70       70        6       70       1

TOTAL           Name                               Link     Load   Length     Space
        CLASS   STACK          

        CLASS   CODE           
                end_init                              E        E        3         0
                cinit                                11       11       1B         0
                intentry                              4        4        A         0
                reset_vec                             0        0        3         0
                text7                                A1       A1       47         0
                text6                                2C       2C       75         0
                text5                               121      121       38         0
                text4                               185      185       1C         0
                text3                                E8       E8       39         0
                text2                               1A1      1A1       16         0
                text1                               159      159       2C         0
                maintext                            1B7      1B7        E         0

        CLASS   STRCODE        

        CLASS   STRING         

        CLASS   CONST          

        CLASS   ENTRY          

        CLASS   COMMON         
                cstackCOMMON                         76       76        6         1
                bssCOMMON                            70       70        6         1

        CLASS   BANK0          
                cstackBANK0                          2F       2F        3         1
                bssBANK0                             20       20        F         1

        CLASS   BANK1          

        CLASS   BANK2          

        CLASS   BANK3          

        CLASS   RAM            

        CLASS   ABS1           
                abs_s1                               7E       7E        2         1

        CLASS   SFR0           

        CLASS   SFR1           

        CLASS   SFR2           

        CLASS   SFR3           

        CLASS   CONFIG         
                config                             2007     2007        2         4

        CLASS   IDLOC          

        CLASS   EEDATA         



SEGMENTS        Name                           Load    Length   Top    Selector   Space  Class     Delta

                reset_vec                      000000  000003  000003         0       0  CODE        2
                intentry                       000004  0001C1  0001C5         8       0  CODE        2
                bssBANK0                       000020  000012  000032        20       1  BANK0       1
                bssCOMMON                      000070  00000C  00007C        70       1  COMMON      1


UNUSED ADDRESS RANGES

        Name                Unused          Largest block    Delta
        BANK0            0032-006F             3E           1
        BANK1            00A0-00EF             50           1
        BANK2            0110-016F             60           1
        BANK3            0190-01EF             60           1
        CODE             0003-0003              1           2
                         01C5-1FFF            800
        COMMON           007C-007D              2           1
        CONST            0003-0003              1           2
                         01C5-1FFF            100
        EEDATA           2100-21FF            100           2
        ENTRY            0003-0003              1           2
                         01C5-1FFF            100
        IDLOC            2000-2003              4           2
        RAM              0032-006F             3E           1
                         00A0-00EF             50
                         0110-016F             60
                         0190-01EF             60
        SFR0             0000-001F             20           1
        SFR1             0080-009F             20           1
        SFR2             0100-010F             10           1
        SFR3             0180-018F             10           1
        STACK            0110-016F             60           1
        STRCODE          0003-0003              1           2
                         01C5-1FFF           1E3B
        STRING           0003-0003              1           2
                         01C5-1FFF            100

                                  Symbol Table

I2C_Slave_Init@address   cstackBANK0  002F
_ADCON0bits              (abs)        001F
_ADCON1bits              (abs)        009F
_ANSEL                   (abs)        0188
_ANSELH                  (abs)        0189
_BASURA                  bssBANK0     002D
_BAUDCTLbits             (abs)        0187
_BF                      (abs)        04A0
_GIE                     (abs)        005F
_I2C_Slave_Init          text4        0185
_INTCONbits              (abs)        000B
_OSCCONbits              (abs)        008F
_PEIE                    (abs)        005E
_PIE1bits                (abs)        008C
_PIR1bits                (abs)        000C
_PORTA                   (abs)        0005
_PORTAbits               (abs)        0005
_PORTB                   (abs)        0006
_PORTBbits               (abs)        0006
_PORTD                   (abs)        0008
_PORTE                   (abs)        0009
_RCSTAbits               (abs)        0018
_SPBRG                   (abs)        0099
_SPBRGH                  (abs)        009A
_SSPADD                  (abs)        0093
_SSPBUF                  (abs)        0013
_SSPCON                  (abs)        0014
_SSPCON2                 (abs)        0091
_SSPCON2bits             (abs)        0091
_SSPCONbits              (abs)        0014
_SSPIE                   (abs)        0463
_SSPIF                   (abs)        0063
_SSPSTAT                 (abs)        0094
_SSPSTATbits             (abs)        0094
_TRISAbits               (abs)        0085
_TRISBbits               (abs)        0086
_TRISC3                  (abs)        043B
_TRISC4                  (abs)        043C
_TRISCbits               (abs)        0087
_TXREG                   (abs)        0019
_TXSTAbits               (abs)        0098
__Habs1                  abs1         0000
__Hbank0                 bank0        0000
__Hbank1                 bank1        0000
__Hbank2                 bank2        0000
__Hbank3                 bank3        0000
__HbssBANK0              bssBANK0     0000
__HbssCOMMON             bssCOMMON    0000
__Hcinit                 cinit        002C
__Hclrtext               clrtext      0000
__Hcode                  code         0000
__Hcommon                common       0000
__Hconfig                config       2009
__HcstackBANK0           cstackBANK0  0000
__HcstackCOMMON          cstackCOMMON 0000
__Heeprom_data           eeprom_data  0000
__Hend_init              end_init     0011
__Hfunctab               functab      0000
__Hinit                  init         000E
__Hintentry              intentry     000E
__Hmaintext              maintext     0000
__Hpowerup               powerup      0000
__Hram                   ram          0000
__Hreset_vec             reset_vec    0003
__Hsfr0                  sfr0         0000
__Hsfr1                  sfr1         0000
__Hsfr2                  sfr2         0000
__Hsfr3                  sfr3         0000
__Hspace_0               (abs)        01C5
__Hspace_1               (abs)        007C
__Hspace_2               (abs)        0000
__Hspace_3               (abs)        0000
__Hspace_4               (abs)        4010
__Hstack                 stack        0000
__Hstrings               strings      0000
__Htext                  text         0000
__Labs1                  abs1         0000
__Lbank0                 bank0        0000
__Lbank1                 bank1        0000
__Lbank2                 bank2        0000
__Lbank3                 bank3        0000
__LbssBANK0              bssBANK0     0000
__LbssCOMMON             bssCOMMON    0000
__Lcinit                 cinit        0011
__Lclrtext               clrtext      0000
__Lcode                  code         0000
__Lcommon                common       0000
__Lconfig                config       0000
__LcstackBANK0           cstackBANK0  0000
__LcstackCOMMON          cstackCOMMON 0000
__Leeprom_data           eeprom_data  0000
__Lend_init              end_init     000E
__Lfunctab               functab      0000
__Linit                  init         000E
__Lintentry              intentry     0004
__Lmaintext              maintext     0000
__Lpowerup               powerup      0000
__Lram                   ram          0000
__Lreset_vec             reset_vec    0000
__Lsfr0                  sfr0         0000
__Lsfr1                  sfr1         0000
__Lsfr2                  sfr2         0000
__Lsfr3                  sfr3         0000
__Lspace_0               (abs)        0000
__Lspace_1               (abs)        0000
__Lspace_2               (abs)        0000
__Lspace_3               (abs)        0000
__Lspace_4               (abs)        0000
__Lstack                 stack        0000
__Lstrings               strings      0000
__Ltext                  text         0000
__S0                     (abs)        01C5
__S1                     (abs)        007C
__S2                     (abs)        0000
__S3                     (abs)        0000
___int_sp                stack        0000
___latbits               (abs)        0002
___sp                    stack        0000
___stackhi               (abs)        0000
___stacklo               (abs)        0000
__end_of_I2C_Slave_Init  text4        01A1
__end_of__initialization cinit        0028
__end_of_infrarrojos     text5        0159
__end_of_isr             text6        00A1
__end_of_main            maintext     01C5
__end_of_mandar_datos    text7        00E8
__end_of_osc_config      text3        0121
__end_of_setup           text1        0185
__end_of_uart_config     text2        01B7
__initialization         cinit        0011
__pbssBANK0              bssBANK0     0020
__pbssCOMMON             bssCOMMON    0070
__pcstackBANK0           cstackBANK0  002F
__pcstackCOMMON          cstackCOMMON 0076
__pintentry              intentry     0004
__pmaintext              maintext     01B7
__ptext1                 text1        0159
__ptext2                 text2        01A1
__ptext3                 text3        00E8
__ptext4                 text4        0185
__ptext5                 text5        0121
__ptext6                 text6        002C
__ptext7                 text7        00A1
__size_of_I2C_Slave_Init (abs)        0000
__size_of_infrarrojos    (abs)        0000
__size_of_isr            (abs)        0000
__size_of_main           (abs)        0000
__size_of_mandar_datos   (abs)        0000
__size_of_osc_config     (abs)        0000
__size_of_setup          (abs)        0000
__size_of_uart_config    (abs)        0000
_abierto_cerrado         bssBANK0     002E
_cuenta_uart             bssCOMMON    0074
_infrarrojo1             bssCOMMON    0073
_infrarrojo2             bssCOMMON    0072
_infrarrojo3             bssCOMMON    0071
_infrarrojos             text5        0121
_isr                     text6        002C
_main                    maintext     01B7
_mandar_datos            text7        00A1
_osc_config              text3        00E8
_setup                   text1        0159
_suma_ir                 bssCOMMON    0070
_uart_config             text2        01A1
btemp                    (abs)        007E
end_of_initialization    cinit        0028
interrupt_function       intentry     0004
intlevel0                functab      0000
intlevel1                functab      0000
intlevel2                functab      0000
intlevel3                functab      0000
intlevel4                functab      0000
intlevel5                functab      0000
osc_config@freq          cstackBANK0  0031
reset_vec                reset_vec    0000
saved_w                  (abs)        007E
start                    init         000E
start_initialization     cinit        0011
wtemp0                   (abs)        007E


MODULE INFORMATION

Module		Function		Class		Link	Load	Size
UART.c
		_uart_config   		CODE           	01A1	0000	22

UART.c estimated size: 22

Osc_config.c
		_osc_config    		CODE           	00E8	0000	57

Osc_config.c estimated size: 57

I2C.c
		_I2C_Slave_Init		CODE           	0185	0000	28

I2C.c estimated size: 28

shared
		__initialization		CODE           	0011	0000	23

shared estimated size: 23

main.c
		_infrarrojos   		CODE           	0121	0000	56
		_main          		CODE           	01B7	0000	14
		_isr           		CODE           	002C	0000	117
		_setup         		CODE           	0159	0000	44
		_mandar_datos  		CODE           	00A1	0000	71

main.c estimated size: 302

