Microchip MPLAB XC8 Compiler V2.32

Linker command line:

-W-3 --edf=C:\Program Files\Microchip\xc8\v2.32\pic\dat\en_msgs.txt -cn \
  -h+dist/default/production\Proyecto_Slave_Motor.X.production.sym \
  --cmf=dist/default/production\Proyecto_Slave_Motor.X.production.cmf -z \
  -Q16F887 -oC:\Users\user\AppData\Local\Temp\xcAsals.4 \
  --defsym=__MPLAB_BUILD=1 \
  -Mdist/default/production/Proyecto_Slave_Motor.X.production.map -E1 \
  -ver=XC8 Compiler --acfsm=1493 -ASTACK=0110h-016Fh -pstack=STACK \
  -ACODE=00h-07FFhx4 -ASTRCODE=00h-01FFFh -ASTRING=00h-0FFhx32 \
  -ACONST=00h-0FFhx32 -AENTRY=00h-0FFhx32 -ACOMMON=070h-07Fh \
  -ABANK0=020h-06Fh -ABANK1=0A0h-0EFh -ABANK2=0110h-016Fh \
  -ABANK3=0190h-01EFh -ARAM=020h-06Fh,0A0h-0EFh,0110h-016Fh,0190h-01EFh \
  -AABS1=020h-07Fh,0A0h-0EFh,0110h-016Fh,0190h-01EFh -ASFR0=00h-01Fh \
  -ASFR1=080h-09Fh -ASFR2=0100h-010Fh -ASFR3=0180h-018Fh \
  -ACONFIG=02007h-02008h -DCONFIG=2 -AIDLOC=02000h-02003h -DIDLOC=2 \
  -AEEDATA=00h-0FFh/02100h -peeprom_data=EEDATA -DEEDATA=2 -DCODE=2 \
  -DSTRCODE=2 -DSTRING=2 -DCONST=2 -DENTRY=2 \
  -preset_vec=00h,intentry=04h,init,end_init -ppowerup=CODE -pcinit=CODE \
  -pfunctab=ENTRY -k C:\Users\user\AppData\Local\Temp\xcAsals.o \
  dist/default/production\Proyecto_Slave_Motor.X.production.o 

Object code version is 3.11

Machine type is 16F887



                Name                               Link     Load   Length Selector   Space Scale
C:\Users\user\AppData\Local\Temp\xcAsals.o
                end_init                              C        C        3        8       0
                reset_vec                             0        0        3        0       0
                config                             2007     2007        2        0       4
dist/default/production\Proyecto_Slave_Motor.X.production.o
                cinit                                 F        F        E        8       0
                intentry                              4        4        8        8       0
                config                             2007     2007        2        0       4
                text11                              332      332       74        8       0
                text10                              3A6      3A6       5C        8       0
                text9                               51A      51A       14        8       0
                text8                               4E8      4E8       1A        8       0
                text7                               495      495       37        8       0
                text6                               457      457       3E        8       0
                text5                                1D       1D      1DD        8       0
                text4                               2B6      2B6       7C        8       0
                text3                               1FA      1FA       BC        8       0
                text2                               402      402       55        8       0
                text1                               4CC      4CC       1C        8       0
                maintext                            502      502       18        8       0
                cstackBANK0                          20       20       34       20       1
                cstackCOMMON                         70       70        7       70       1
                bssBANK0                             54       54        5       20       1
                bssCOMMON                            77       77        3       70       1

TOTAL           Name                               Link     Load   Length     Space
        CLASS   STACK          

        CLASS   CODE           
                end_init                              C        C        3         0
                cinit                                 F        F        E         0
                intentry                              4        4        8         0
                reset_vec                             0        0        3         0
                text11                              332      332       74         0
                text10                              3A6      3A6       5C         0
                text9                               51A      51A       14         0
                text8                               4E8      4E8       1A         0
                text7                               495      495       37         0
                text6                               457      457       3E         0
                text5                                1D       1D      1DD         0
                text4                               2B6      2B6       7C         0
                text3                               1FA      1FA       BC         0
                text2                               402      402       55         0
                text1                               4CC      4CC       1C         0
                maintext                            502      502       18         0

        CLASS   STRCODE        

        CLASS   STRING         

        CLASS   CONST          

        CLASS   ENTRY          

        CLASS   COMMON         
                cstackCOMMON                         70       70        7         1
                bssCOMMON                            77       77        3         1

        CLASS   BANK0          
                cstackBANK0                          20       20       34         1
                bssBANK0                             54       54        5         1

        CLASS   BANK1          

        CLASS   BANK2          

        CLASS   BANK3          

        CLASS   RAM            

        CLASS   ABS1           
                abs_s1                               7E       7E        2         1

        CLASS   SFR0           

        CLASS   SFR1           

        CLASS   SFR2           

        CLASS   SFR3           

        CLASS   CONFIG         
                config                             2007     2007        2         4

        CLASS   IDLOC          

        CLASS   EEDATA         



SEGMENTS        Name                           Load    Length   Top    Selector   Space  Class     Delta

                reset_vec                      000000  000003  000003         0       0  CODE        2
                intentry                       000004  00052A  00052E         8       0  CODE        2
                cstackBANK0                    000020  000039  000059        20       1  BANK0       1
                cstackCOMMON                   000070  00000A  00007A        70       1  COMMON      1


UNUSED ADDRESS RANGES

        Name                Unused          Largest block    Delta
        BANK0            0059-006F             17           1
        BANK1            00A0-00EF             50           1
        BANK2            0110-016F             60           1
        BANK3            0190-01EF             60           1
        CODE             0003-0003              1           2
                         052E-1FFF            800
        COMMON           007A-007D              4           1
        CONST            0003-0003              1           2
                         052E-1FFF            100
        EEDATA           2100-21FF            100           2
        ENTRY            0003-0003              1           2
                         052E-1FFF            100
        IDLOC            2000-2003              4           2
        RAM              0059-006F             17           1
                         00A0-00EF             50
                         0110-016F             60
                         0190-01EF             60
        SFR0             0000-001F             20           1
        SFR1             0080-009F             20           1
        SFR2             0100-010F             10           1
        SFR3             0180-018F             10           1
        STACK            0110-016F             60           1
        STRCODE          0003-0003              1           2
                         052E-1FFF           1AD2
        STRING           0003-0003              1           2
                         052E-1FFF            100

                                  Symbol Table

?___fldiv                cstackBANK0  002A
?___fltol                cstackBANK0  0044
?___xxtofl               cstackCOMMON 0073
I2C_Slave_Init@address   cstackCOMMON 0073
_ADCON0bits              (abs)        001F
_ADCON1bits              (abs)        009F
_ADC_config              text9        051A
_ADRESL                  (abs)        009E
_ANSEL                   (abs)        0188
_ANSELH                  (abs)        0189
_ANSELbits               (abs)        0188
_BF                      (abs)        04A0
_CCP1CONbits             (abs)        0017
_CCPR1L                  (abs)        0015
_GIE                     (abs)        005F
_I2C_Slave_Init          text8        04E8
_INTCONbits              (abs)        000B
_IOCBbits                (abs)        0096
_OPTION_REGbits          (abs)        0081
_OSCCONbits              (abs)        008F
_PEIE                    (abs)        005E
_PIR1bits                (abs)        000C
_PORTB                   (abs)        0006
_PORTBbits               (abs)        0006
_PORTC                   (abs)        0007
_PORTD                   (abs)        0008
_PORTE                   (abs)        0009
_PORTEbits               (abs)        0009
_SSPADD                  (abs)        0093
_SSPBUF                  (abs)        0013
_SSPCON                  (abs)        0014
_SSPCON2                 (abs)        0091
_SSPCON2bits             (abs)        0091
_SSPCONbits              (abs)        0014
_SSPIE                   (abs)        0463
_SSPIF                   (abs)        0063
_SSPSTAT                 (abs)        0094
_SSPSTATbits             (abs)        0094
_TRISBbits               (abs)        0086
_TRISC3                  (abs)        043B
_TRISC4                  (abs)        043C
_TRISCbits               (abs)        0087
_TRISD                   (abs)        0088
_TRISDbits               (abs)        0088
_TRISEbits               (abs)        0089
_WPUBbits                (abs)        0095
__Habs1                  abs1         0000
__Hbank0                 bank0        0000
__Hbank1                 bank1        0000
__Hbank2                 bank2        0000
__Hbank3                 bank3        0000
__HbssBANK0              bssBANK0     0000
__HbssCOMMON             bssCOMMON    0000
__Hcinit                 cinit        001D
__Hclrtext               clrtext      0000
__Hcode                  code         0000
__Hcommon                common       0000
__Hconfig                config       2009
__HcstackBANK0           cstackBANK0  0000
__HcstackCOMMON          cstackCOMMON 0000
__Heeprom_data           eeprom_data  0000
__Hend_init              end_init     000F
__Hfunctab               functab      0000
__Hinit                  init         000C
__Hintentry              intentry     000C
__Hmaintext              maintext     0000
__Hpowerup               powerup      0000
__Hram                   ram          0000
__Hreset_vec             reset_vec    0003
__Hsfr0                  sfr0         0000
__Hsfr1                  sfr1         0000
__Hsfr2                  sfr2         0000
__Hsfr3                  sfr3         0000
__Hspace_0               (abs)        052E
__Hspace_1               (abs)        007A
__Hspace_2               (abs)        0000
__Hspace_3               (abs)        0000
__Hspace_4               (abs)        4010
__Hstack                 stack        0000
__Hstrings               strings      0000
__Htext                  text         0000
__Labs1                  abs1         0000
__Lbank0                 bank0        0000
__Lbank1                 bank1        0000
__Lbank2                 bank2        0000
__Lbank3                 bank3        0000
__LbssBANK0              bssBANK0     0000
__LbssCOMMON             bssCOMMON    0000
__Lcinit                 cinit        000F
__Lclrtext               clrtext      0000
__Lcode                  code         0000
__Lcommon                common       0000
__Lconfig                config       0000
__LcstackBANK0           cstackBANK0  0000
__LcstackCOMMON          cstackCOMMON 0000
__Leeprom_data           eeprom_data  0000
__Lend_init              end_init     000C
__Lfunctab               functab      0000
__Linit                  init         000C
__Lintentry              intentry     0004
__Lmaintext              maintext     0000
__Lpowerup               powerup      0000
__Lram                   ram          0000
__Lreset_vec             reset_vec    0000
__Lsfr0                  sfr0         0000
__Lsfr1                  sfr1         0000
__Lsfr2                  sfr2         0000
__Lsfr3                  sfr3         0000
__Lspace_0               (abs)        0000
__Lspace_1               (abs)        0000
__Lspace_2               (abs)        0000
__Lspace_3               (abs)        0000
__Lspace_4               (abs)        0000
__Lstack                 stack        0000
__Lstrings               strings      0000
__Ltext                  text         0000
__S0                     (abs)        052E
__S1                     (abs)        007A
__S2                     (abs)        0000
__S3                     (abs)        0000
___fldiv                 text5        001D
___fldiv@a               cstackBANK0  002A
___fldiv@aexp            cstackBANK0  0043
___fldiv@b               cstackBANK0  002E
___fldiv@bexp            cstackBANK0  0042
___fldiv@grs             cstackBANK0  003E
___fldiv@new_exp         cstackBANK0  003C
___fldiv@rem             cstackBANK0  0037
___fldiv@sign            cstackBANK0  003B
___fltol                 text4        02B6
___fltol@exp1            cstackBANK0  004E
___fltol@f1              cstackBANK0  0044
___fltol@sign1           cstackBANK0  004D
___int_sp                stack        0000
___latbits               (abs)        0002
___sp                    stack        0000
___stackhi               (abs)        0000
___stacklo               (abs)        0000
___xxtofl                text3        01FA
___xxtofl@arg            cstackBANK0  0026
___xxtofl@exp            cstackBANK0  0025
___xxtofl@sign           cstackBANK0  0024
___xxtofl@val            cstackCOMMON 0073
__end_of_ADC_config      text9        052E
__end_of_I2C_Slave_Init  text8        0502
__end_of___fldiv         text5        01FA
__end_of___fltol         text4        0332
__end_of___xxtofl        text3        02B6
__end_of__initialization cinit        0019
__end_of_isr             text11       03A6
__end_of_main            maintext     051A
__end_of_osc_config      text7        04CC
__end_of_servo           text10       0402
__end_of_setup           text6        0495
__end_of_temp            text2        0457
__end_of_toggle_adc      text1        04E8
__initialization         cinit        000F
__pbssBANK0              bssBANK0     0054
__pbssCOMMON             bssCOMMON    0077
__pcstackBANK0           cstackBANK0  0020
__pcstackCOMMON          cstackCOMMON 0070
__pintentry              intentry     0004
__pmaintext              maintext     0502
__ptext1                 text1        04CC
__ptext10                text10       03A6
__ptext11                text11       0332
__ptext2                 text2        0402
__ptext3                 text3        01FA
__ptext4                 text4        02B6
__ptext5                 text5        001D
__ptext6                 text6        0457
__ptext7                 text7        0495
__ptext8                 text8        04E8
__ptext9                 text9        051A
__size_of_ADC_config     (abs)        0000
__size_of_I2C_Slave_Init (abs)        0000
__size_of___fldiv        (abs)        0000
__size_of___fltol        (abs)        0000
__size_of___xxtofl       (abs)        0000
__size_of_isr            (abs)        0000
__size_of_main           (abs)        0000
__size_of_osc_config     (abs)        0000
__size_of_servo          (abs)        0000
__size_of_setup          (abs)        0000
__size_of_temp           (abs)        0000
__size_of_toggle_adc     (abs)        0000
_antirrebote             bssCOMMON    0079
_botonazo                bssBANK0     0058
_conversion1             bssBANK0     0057
_conversion_total        bssBANK0     0056
_isr                     text11       0332
_main                    maintext     0502
_motor_recibido          bssCOMMON    0077
_osc_config              text7        0495
_servo                   text10       03A6
_setup                   text6        0457
_temp                    text2        0402
_temperatura_aprox       bssCOMMON    0078
_toggle_adc              text1        04CC
_z                       bssBANK0     0055
btemp                    (abs)        007E
end_of_initialization    cinit        0019
interrupt_function       intentry     0004
intlevel0                functab      0000
intlevel1                functab      0000
intlevel2                functab      0000
intlevel3                functab      0000
intlevel4                functab      0000
intlevel5                functab      0000
osc_config@freq          cstackCOMMON 0075
reset_vec                reset_vec    0000
saved_w                  (abs)        007E
start                    init         000C
start_initialization     cinit        000F
wtemp0                   (abs)        007E


MODULE INFORMATION

Module		Function		Class		Link	Load	Size
C:\Program Files\Microchip\xc8\v2.32\pic\sources\c90\common\xxtofl.c
		___xxtofl      		CODE           	01FA	0000	188

C:\Program Files\Microchip\xc8\v2.32\pic\sources\c90\common\xxtofl.c estimated size: 188

ADC_CONFIG.c
		_ADC_config    		CODE           	051A	0000	20

ADC_CONFIG.c estimated size: 20

Osc_config.c
		_osc_config    		CODE           	0495	0000	55

Osc_config.c estimated size: 55

I2C.c
		_I2C_Slave_Init		CODE           	04E8	0000	26

I2C.c estimated size: 26

shared
		__initialization		CODE           	000F	0000	10

shared estimated size: 10

C:\Program Files\Microchip\xc8\v2.32\pic\sources\c90\common\sprcdiv.c
		___fldiv       		CODE           	001D	0000	477

C:\Program Files\Microchip\xc8\v2.32\pic\sources\c90\common\sprcdiv.c estimated size: 477

main.c
		_main          		CODE           	0502	0000	24
		_isr           		CODE           	0332	0000	116
		_servo         		CODE           	03A6	0000	92
		_toggle_adc    		CODE           	04CC	0000	28
		_setup         		CODE           	0457	0000	62
		_temp          		CODE           	0402	0000	85

main.c estimated size: 407

C:\Program Files\Microchip\xc8\v2.32\pic\sources\c90\common\fltol.c
		___fltol       		CODE           	02B6	0000	124

C:\Program Files\Microchip\xc8\v2.32\pic\sources\c90\common\fltol.c estimated size: 124

