Microchip MPLAB XC8 Compiler V2.32

Linker command line:

-W-3 --edf=C:\Program Files\Microchip\xc8\v2.32\pic\dat\en_msgs.txt -cn \
  -h+dist/default/production\Proyecto_Master.X.production.sym \
  --cmf=dist/default/production\Proyecto_Master.X.production.cmf -z \
  -Q16F887 -oC:\Users\user\AppData\Local\Temp\xcAs4no.4 \
  --defsym=__MPLAB_BUILD=1 \
  -Mdist/default/production/Proyecto_Master.X.production.map -E1 \
  -ver=XC8 Compiler --acfsm=1493 -ASTACK=0110h-016Fh -pstack=STACK \
  -ACODE=00h-07FFhx4 -ASTRCODE=00h-01FFFh -ASTRING=00h-0FFhx32 \
  -ACONST=00h-0FFhx32 -AENTRY=00h-0FFhx32 -ACOMMON=070h-07Fh \
  -ABANK0=020h-06Fh -ABANK1=0A0h-0EFh -ABANK2=0110h-016Fh \
  -ABANK3=0190h-01EFh -ARAM=020h-06Fh,0A0h-0EFh,0110h-016Fh,0190h-01EFh \
  -AABS1=020h-07Fh,0A0h-0EFh,0110h-016Fh,0190h-01EFh -ASFR0=00h-01Fh \
  -ASFR1=080h-09Fh -ASFR2=0100h-010Fh -ASFR3=0180h-018Fh \
  -ACONFIG=02007h-02008h -DCONFIG=2 -AIDLOC=02000h-02003h -DIDLOC=2 \
  -AEEDATA=00h-0FFh/02100h -peeprom_data=EEDATA -DEEDATA=2 -DCODE=2 \
  -DSTRCODE=2 -DSTRING=2 -DCONST=2 -DENTRY=2 \
  -preset_vec=00h,intentry,init,end_init -ppowerup=CODE -pcinit=CODE \
  -pfunctab=ENTRY -k C:\Users\user\AppData\Local\Temp\xcAs4no.o \
  dist/default/production\Proyecto_Master.X.production.o 

Object code version is 3.11

Machine type is 16F887



                Name                               Link     Load   Length Selector   Space Scale
C:\Users\user\AppData\Local\Temp\xcAs4no.o
                end_init                              0        0        3        0       0
                config                             2007     2007        2        0       4
dist/default/production\Proyecto_Master.X.production.o
                cinit                               7F3      7F3        D      FE6       0
                config                             2007     2007        2        0       4
                text21                               72       72       3F       E4       0
                text20                              46F      46F      1AA      8DE       0
                text19                              F11      F11        6     1E22       0
                text18                              F5C      F5C       18     1EB8       0
                text17                              F74      F74       19     1EE8       0
                text16                              FAE      FAE       24     1F5C       0
                text15                              F48      F48       14     1E90       0
                text14                              F8D      F8D       21     1F1A       0
                text13                              250      250       8B      4A0       0
                text12                              172      172       67      2E4       0
                text11                               B1       B1       5B      162       0
                text10                              1D9      1D9       77      3B2       0
                text9                               10C      10C       66      218       0
                text8                                3A       3A       38       74       0
                text7                               F3B      F3B        D     1E76       0
                text6                               FD2      FD2       2E     1FA4       0
                text5                               F1F      F1F        9     1E3E       0
                text4                               F28      F28        9     1E50       0
                text3                               F31      F31        A     1E62       0
                text2                                 3        3       37        0       0
                text1                               2DB      2DB      194      5B6       0
                maintext                            619      619      1DA      C32       0
                cstackBANK0                          20       20       22       20       1
                cstackCOMMON                         70       70        E       70       1
                clrtext                             F17      F17        8     1E2E       0
                bssBANK0                             42       42       11       20       1

TOTAL           Name                               Link     Load   Length     Space
        CLASS   STACK          

        CLASS   CODE           
                end_init                              0        0        3         0
                cinit                               7F3      7F3        D         0
                text21                               72       72       3F         0
                text20                              46F      46F      1AA         0
                text19                              F11      F11        6         0
                text18                              F5C      F5C       18         0
                text17                              F74      F74       19         0
                text16                              FAE      FAE       24         0
                text15                              F48      F48       14         0
                text14                              F8D      F8D       21         0
                text13                              250      250       8B         0
                text12                              172      172       67         0
                text11                               B1       B1       5B         0
                text10                              1D9      1D9       77         0
                text9                               10C      10C       66         0
                text8                                3A       3A       38         0
                text7                               F3B      F3B        D         0
                text6                               FD2      FD2       2E         0
                text5                               F1F      F1F        9         0
                text4                               F28      F28        9         0
                text3                               F31      F31        A         0
                text2                                 3        3       37         0
                text1                               2DB      2DB      194         0
                maintext                            619      619      1DA         0
                clrtext                             F17      F17        8         0

        CLASS   STRCODE        

        CLASS   STRING         

        CLASS   CONST          

        CLASS   ENTRY          

        CLASS   COMMON         
                cstackCOMMON                         70       70        E         1

        CLASS   BANK0          
                cstackBANK0                          20       20       22         1
                bssBANK0                             42       42       11         1

        CLASS   BANK1          

        CLASS   BANK2          

        CLASS   BANK3          

        CLASS   RAM            

        CLASS   ABS1           
                abs_s1                               7E       7E        2         1

        CLASS   SFR0           

        CLASS   SFR1           

        CLASS   SFR2           

        CLASS   SFR3           

        CLASS   CONFIG         
                config                             2007     2007        2         4

        CLASS   IDLOC          

        CLASS   EEDATA         



SEGMENTS        Name                           Load    Length   Top    Selector   Space  Class     Delta

                reset_vec                      000000  00003A  00003A         0       0  CODE        2
                cstackBANK0                    000020  000033  000053        20       1  BANK0       1
                cstackCOMMON                   000070  00000E  00007E        70       1  COMMON      1
                text8                          00003A  000038  000072        74       0  CODE        2
                text21                         000072  00003F  0000B1        E4       0  CODE        2
                text11                         0000B1  00005B  00010C       162       0  CODE        2
                text9                          00010C  000066  000172       218       0  CODE        2
                text12                         000172  000067  0001D9       2E4       0  CODE        2
                text10                         0001D9  000077  000250       3B2       0  CODE        2
                text13                         000250  00008B  0002DB       4A0       0  CODE        2
                text1                          0002DB  000194  00046F       5B6       0  CODE        2
                text20                         00046F  0001AA  000619       8DE       0  CODE        2
                maintext                       000619  0001DA  0007F3       C32       0  CODE        2
                cinit                          0007F3  00000D  000800       FE6       0  CODE        2
                text19                         000F11  000006  000F17      1E22       0  CODE        2
                clrtext                        000F17  000008  000F1F      1E2E       0  CODE        2
                text5                          000F1F  000009  000F28      1E3E       0  CODE        2
                text4                          000F28  000009  000F31      1E50       0  CODE        2
                text3                          000F31  00000A  000F3B      1E62       0  CODE        2
                text7                          000F3B  00000D  000F48      1E76       0  CODE        2
                text15                         000F48  000014  000F5C      1E90       0  CODE        2
                text18                         000F5C  000018  000F74      1EB8       0  CODE        2
                text17                         000F74  000019  000F8D      1EE8       0  CODE        2
                text14                         000F8D  000021  000FAE      1F1A       0  CODE        2
                text16                         000FAE  000024  000FD2      1F5C       0  CODE        2
                text6                          000FD2  00002E  001000      1FA4       0  CODE        2


UNUSED ADDRESS RANGES

        Name                Unused          Largest block    Delta
        BANK0            0053-006F             1D           1
        BANK1            00A0-00EF             50           1
        BANK2            0110-016F             60           1
        BANK3            0190-01EF             60           1
        CODE             0800-0F10            711           2
                         1000-1FFF            800
        CONST            0800-0F10            100           2
                         1000-1FFF            100
        EEDATA           2100-21FF            100           2
        ENTRY            0800-0F10            100           2
                         1000-1FFF            100
        IDLOC            2000-2003              4           2
        RAM              0053-006F             1D           1
                         00A0-00EF             50
                         0110-016F             60
                         0190-01EF             60
        SFR0             0000-001F             20           1
        SFR1             0080-009F             20           1
        SFR2             0100-010F             10           1
        SFR3             0180-018F             10           1
        STACK            0110-016F             60           1
        STRCODE          0800-0F10            711           2
                         1000-1FFF           1000
        STRING           0800-0F10            100           2
                         1000-1FFF            100

                                  Symbol Table

?_I2C_Master_Read          cstackCOMMON 0070
?___awdiv                  cstackCOMMON 0070
?___awmod                  cstackCOMMON 0079
?___lldiv                  cstackCOMMON 0070
I2C_Master_Init@c          cstackBANK0  0020
I2C_Master_Read@a          cstackCOMMON 0070
I2C_Master_Read@temp       cstackCOMMON 0074
I2C_Master_Write@d         cstackCOMMON 0070
Lcd_Cmd@a                  cstackCOMMON 0073
Lcd_Port@a                 cstackCOMMON 0070
Lcd_Set_Cursor@a           cstackCOMMON 0076
Lcd_Set_Cursor@b           cstackCOMMON 0074
Lcd_Set_Cursor@temp        cstackCOMMON 0077
Lcd_Write_Char@a           cstackCOMMON 0072
Lcd_Write_String@a         cstackCOMMON 0076
Lcd_Write_String@i         cstackCOMMON 0074
_ANSEL                     (abs)        0188
_ANSELH                    (abs)        0189
_BASURA                    bssBANK0     0050
_C1                        bssBANK0     004B
_C2                        bssBANK0     004A
_C3                        bssBANK0     0049
_CERRADO                   bssBANK0     0044
_DH                        bssBANK0     0047
_DIA                       bssBANK0     004F
_DM                        bssBANK0     0045
_GIE                       (abs)        005F
_HORA                      bssBANK0     004E
_I2C_Master_Init           text8        003A
_I2C_Master_Read           text6        0FD2
_I2C_Master_Start          text5        0F1F
_I2C_Master_Stop           text4        0F28
_I2C_Master_Wait           text7        0F3B
_I2C_Master_Write          text3        0F31
_LECT1                     text20       046F
_Lcd_Cmd                   text18       0F5C
_Lcd_Init                  text17       0F74
_Lcd_Port                  text19       0F11
_Lcd_Set_Cursor            text16       0FAE
_Lcd_Write_Char            text15       0F48
_Lcd_Write_String          text14       0F8D
_MIN                       bssBANK0     004D
_NUM                       bssBANK0     0051
_OSCCONbits                (abs)        008F
_PARKH                     bssBANK0     0052
_PEIE                      (abs)        005E
_PORTA                     (abs)        0005
_PORTB                     (abs)        0006
_PORTD                     (abs)        0008
_PORTEbits                 (abs)        0009
_SSPADD                    (abs)        0093
_SSPBUF                    (abs)        0013
_SSPCON                    (abs)        0014
_SSPCON2                   (abs)        0091
_SSPCON2bits               (abs)        0091
_SSPIE                     (abs)        0463
_SSPIF                     (abs)        0063
_SSPSTAT                   (abs)        0094
_TRISA                     (abs)        0085
_TRISB                     (abs)        0086
_TRISC3                    (abs)        043B
_TRISC4                    (abs)        043C
_TRISCbits                 (abs)        0087
_TRISD                     (abs)        0088
_TRISE                     (abs)        0089
_UH                        bssBANK0     0048
_UM                        bssBANK0     0046
__Habs1                    abs1         0000
__Hbank0                   bank0        0000
__Hbank1                   bank1        0000
__Hbank2                   bank2        0000
__Hbank3                   bank3        0000
__HbssBANK0                bssBANK0     0000
__Hcinit                   cinit        0800
__Hclrtext                 clrtext      0000
__Hcode                    code         0000
__Hcommon                  common       0000
__Hconfig                  config       2009
__HcstackBANK0             cstackBANK0  0000
__HcstackCOMMON            cstackCOMMON 0000
__Heeprom_data             eeprom_data  0000
__Hend_init                end_init     0003
__Hfunctab                 functab      0000
__Hinit                    init         0000
__Hintentry                intentry     0000
__Hmaintext                maintext     0000
__Hpowerup                 powerup      0000
__Hram                     ram          0000
__Hreset_vec               reset_vec    0000
__Hsfr0                    sfr0         0000
__Hsfr1                    sfr1         0000
__Hsfr2                    sfr2         0000
__Hsfr3                    sfr3         0000
__Hspace_0                 (abs)        1000
__Hspace_1                 (abs)        007E
__Hspace_2                 (abs)        0000
__Hspace_3                 (abs)        0000
__Hspace_4                 (abs)        4010
__Hstack                   stack        0000
__Hstrings                 strings      0000
__Htext                    text         0000
__Labs1                    abs1         0000
__Lbank0                   bank0        0000
__Lbank1                   bank1        0000
__Lbank2                   bank2        0000
__Lbank3                   bank3        0000
__LbssBANK0                bssBANK0     0000
__Lcinit                   cinit        07F3
__Lclrtext                 clrtext      0000
__Lcode                    code         0000
__Lcommon                  common       0000
__Lconfig                  config       0000
__LcstackBANK0             cstackBANK0  0000
__LcstackCOMMON            cstackCOMMON 0000
__Leeprom_data             eeprom_data  0000
__Lend_init                end_init     0000
__Lfunctab                 functab      0000
__Linit                    init         0000
__Lintentry                intentry     0000
__Lmaintext                maintext     0000
__Lpowerup                 powerup      0000
__Lram                     ram          0000
__Lreset_vec               reset_vec    0000
__Lsfr0                    sfr0         0000
__Lsfr1                    sfr1         0000
__Lsfr2                    sfr2         0000
__Lsfr3                    sfr3         0000
__Lspace_0                 (abs)        0000
__Lspace_1                 (abs)        0000
__Lspace_2                 (abs)        0000
__Lspace_3                 (abs)        0000
__Lspace_4                 (abs)        0000
__Lstack                   stack        0000
__Lstrings                 strings      0000
__Ltext                    text         0000
__S0                       (abs)        1000
__S1                       (abs)        007E
__S2                       (abs)        0000
__S3                       (abs)        0000
___awdiv                   text12       0172
___awdiv@counter           cstackCOMMON 0075
___awdiv@dividend          cstackCOMMON 0072
___awdiv@divisor           cstackCOMMON 0070
___awdiv@quotient          cstackCOMMON 0077
___awdiv@sign              cstackCOMMON 0076
___awmod                   text11       00B1
___awmod@counter           cstackBANK0  0020
___awmod@dividend          cstackCOMMON 007B
___awmod@divisor           cstackCOMMON 0079
___awmod@sign              cstackBANK0  0021
___int_sp                  stack        0000
___latbits                 (abs)        0002
___lldiv                   text9        010C
___lldiv@counter           cstackCOMMON 007D
___lldiv@dividend          cstackCOMMON 0074
___lldiv@divisor           cstackCOMMON 0070
___lldiv@quotient          cstackCOMMON 0079
___sp                      stack        0000
___stackhi                 (abs)        0000
___stacklo                 (abs)        0000
__end_of_I2C_Master_Init   text8        0072
__end_of_I2C_Master_Read   text6        1000
__end_of_I2C_Master_Start  text5        0F28
__end_of_I2C_Master_Stop   text4        0F31
__end_of_I2C_Master_Wait   text7        0F48
__end_of_I2C_Master_Write  text3        0F3B
__end_of_LECT1             text20       0619
__end_of_Lcd_Cmd           text18       0F74
__end_of_Lcd_Init          text17       0F8D
__end_of_Lcd_Port          text19       0F17
__end_of_Lcd_Set_Cursor    text16       0FD2
__end_of_Lcd_Write_Char    text15       0F5C
__end_of_Lcd_Write_String  text14       0FAE
__end_of___awdiv           text12       01D9
__end_of___awmod           text11       010C
__end_of___lldiv           text9        0172
__end_of__initialization   cinit        07FC
__end_of_conver            text13       02DB
__end_of_conver1           text10       0250
__end_of_main              maintext     07F3
__end_of_num_ascii         text21       00B1
__end_of_osc_config        text2        003A
__end_of_setup             text1        046F
__initialization           cinit        07F3
__pbssBANK0                bssBANK0     0042
__pcstackBANK0             cstackBANK0  0020
__pcstackCOMMON            cstackCOMMON 0070
__pmaintext                maintext     0619
__ptext1                   text1        02DB
__ptext10                  text10       01D9
__ptext11                  text11       00B1
__ptext12                  text12       0172
__ptext13                  text13       0250
__ptext14                  text14       0F8D
__ptext15                  text15       0F48
__ptext16                  text16       0FAE
__ptext17                  text17       0F74
__ptext18                  text18       0F5C
__ptext19                  text19       0F11
__ptext2                   text2        0003
__ptext20                  text20       046F
__ptext21                  text21       0072
__ptext3                   text3        0F31
__ptext4                   text4        0F28
__ptext5                   text5        0F1F
__ptext6                   text6        0FD2
__ptext7                   text7        0F3B
__ptext8                   text8        003A
__ptext9                   text9        010C
__size_of_I2C_Master_Init  (abs)        0000
__size_of_I2C_Master_Read  (abs)        0000
__size_of_I2C_Master_Start (abs)        0000
__size_of_I2C_Master_Stop  (abs)        0000
__size_of_I2C_Master_Wait  (abs)        0000
__size_of_I2C_Master_Write (abs)        0000
__size_of_LECT1            (abs)        0000
__size_of_Lcd_Cmd          (abs)        0000
__size_of_Lcd_Init         (abs)        0000
__size_of_Lcd_Port         (abs)        0000
__size_of_Lcd_Set_Cursor   (abs)        0000
__size_of_Lcd_Write_Char   (abs)        0000
__size_of_Lcd_Write_String (abs)        0000
__size_of___awdiv          (abs)        0000
__size_of___awmod          (abs)        0000
__size_of___lldiv          (abs)        0000
__size_of_conver           (abs)        0000
__size_of_conver1          (abs)        0000
__size_of_main             (abs)        0000
__size_of_num_ascii        (abs)        0000
__size_of_osc_config       (abs)        0000
__size_of_setup            (abs)        0000
_con                       bssBANK0     0043
_conver                    text13       0250
_conver1                   text10       01D9
_main                      maintext     0619
_num_ascii                 text21       0072
_osc_config                text2        0003
_setup                     text1        02DB
_temperatura               bssBANK0     0042
btemp                      (abs)        007E
clear_ram0                 clrtext      0F17
conver1@temporal           cstackBANK0  0025
conver@temporal            cstackBANK0  0020
conver@temporal_196        cstackBANK0  0030
end_of_initialization      cinit        07FC
intlevel0                  functab      0000
intlevel1                  functab      0000
intlevel2                  functab      0000
intlevel3                  functab      0000
intlevel4                  functab      0000
intlevel5                  functab      0000
num_ascii@num              cstackCOMMON 0072
osc_config@freq            cstackCOMMON 0072
reset_vec                  reset_vec    0000
start                      init         0000
start_initialization       cinit        07F3
wtemp0                     (abs)        007E


MODULE INFORMATION

Module		Function		Class		Link	Load	Size
Osc_config.c
		_osc_config    		CODE           	0003	0000	55

Osc_config.c estimated size: 55

I2C.c
		_I2C_Master_Read		CODE           	0FD2	0000	46
		_I2C_Master_Wait		CODE           	0F3B	0000	13
		_I2C_Master_Init		CODE           	003A	0000	56
		_I2C_Master_Stop		CODE           	0F28	0000	9
		_I2C_Master_Write		CODE           	0F31	0000	10
		_I2C_Master_Start		CODE           	0F1F	0000	9

I2C.c estimated size: 143

C:\Program Files\Microchip\xc8\v2.32\pic\sources\c90\common\awmod.c
		___awmod       		CODE           	00B1	0000	91

C:\Program Files\Microchip\xc8\v2.32\pic\sources\c90\common\awmod.c estimated size: 91

shared
		__initialization		CODE           	07F3	0000	9

shared estimated size: 9

C:\Program Files\Microchip\xc8\v2.32\pic\sources\c90\common\awdiv.c
		___awdiv       		CODE           	0172	0000	103

C:\Program Files\Microchip\xc8\v2.32\pic\sources\c90\common\awdiv.c estimated size: 103

main.c
		_main          		CODE           	0619	0000	474
		_conver1       		CODE           	01D9	0000	119
		_setup         		CODE           	02DB	0000	404
		_LECT1         		CODE           	046F	0000	426
		_conver        		CODE           	0250	0000	139

main.c estimated size: 1562

ASCII.c
		_num_ascii     		CODE           	0072	0000	63

ASCII.c estimated size: 63

C:\Program Files\Microchip\xc8\v2.32\pic\sources\c90\common\__lldiv.c
		___lldiv       		CODE           	010C	0000	102

C:\Program Files\Microchip\xc8\v2.32\pic\sources\c90\common\__lldiv.c estimated size: 102

LCD.c
		_Lcd_Write_String		CODE           	0F8D	0000	33
		_Lcd_Init      		CODE           	0F74	0000	25
		_Lcd_Write_Char		CODE           	0F48	0000	20
		_Lcd_Cmd       		CODE           	0F5C	0000	24
		_Lcd_Set_Cursor		CODE           	0FAE	0000	36
		_Lcd_Port      		CODE           	0F11	0000	6

LCD.c estimated size: 144

