Microchip MPLAB XC8 Compiler V2.32

Linker command line:

-W-3 --edf=C:\Program Files\Microchip\xc8\v2.32\pic\dat\en_msgs.txt -cn \
  -h+dist/default/production\Proyecto_Master.X.production.sym \
  --cmf=dist/default/production\Proyecto_Master.X.production.cmf -z \
  -Q16F887 -oC:\Users\user\AppData\Local\Temp\xcAs7is.4 \
  --defsym=__MPLAB_BUILD=1 \
  -Mdist/default/production/Proyecto_Master.X.production.map -E1 \
  -ver=XC8 Compiler --acfsm=1493 -ASTACK=0110h-016Fh -pstack=STACK \
  -ACODE=00h-07FFhx4 -ASTRCODE=00h-01FFFh -ASTRING=00h-0FFhx32 \
  -ACONST=00h-0FFhx32 -AENTRY=00h-0FFhx32 -ACOMMON=070h-07Fh \
  -ABANK0=020h-06Fh -ABANK1=0A0h-0EFh -ABANK2=0110h-016Fh \
  -ABANK3=0190h-01EFh -ARAM=020h-06Fh,0A0h-0EFh,0110h-016Fh,0190h-01EFh \
  -AABS1=020h-07Fh,0A0h-0EFh,0110h-016Fh,0190h-01EFh -ASFR0=00h-01Fh \
  -ASFR1=080h-09Fh -ASFR2=0100h-010Fh -ASFR3=0180h-018Fh \
  -ACONFIG=02007h-02008h -DCONFIG=2 -AIDLOC=02000h-02003h -DIDLOC=2 \
  -AEEDATA=00h-0FFh/02100h -peeprom_data=EEDATA -DEEDATA=2 -DCODE=2 \
  -DSTRCODE=2 -DSTRING=2 -DCONST=2 -DENTRY=2 \
  -preset_vec=00h,intentry,init,end_init -ppowerup=CODE -pcinit=CODE \
  -pfunctab=ENTRY -k C:\Users\user\AppData\Local\Temp\xcAs7is.o \
  dist/default/production\Proyecto_Master.X.production.o 

Object code version is 3.11

Machine type is 16F887



                Name                               Link     Load   Length Selector   Space Scale
C:\Users\user\AppData\Local\Temp\xcAs7is.o
                end_init                              0        0        3        0       0
                config                             2007     2007        2        0       4
dist/default/production\Proyecto_Master.X.production.o
                cinit                               7F3      7F3        D      FE6       0
                config                             2007     2007        2        0       4
                text19                              1AA      1AA       3F      354       0
                text18                              46B      46B      1AE      8D6       0
                text17                               4C       4C        6       98       0
                text16                               97       97       18      12E       0
                text15                               AF       AF       19      15E       0
                text14                               E9       E9       24      1D2       0
                text13                               83       83       14      106       0
                text12                               C8       C8       21      190       0
                text11                              1E9      1E9       44      3D2       0
                text10                              22D      22D       44      45A       0
                text9                               271      271       66      4E2       0
                text8                               172      172       38      2E4       0
                text7                                76       76        D       EC       0
                text6                               10D      10D       2E      21A       0
                text5                                5A       5A        9       B4       0
                text4                                63       63        9       C6       0
                text3                                6C       6C        A       D8       0
                text2                               13B      13B       37      276       0
                text1                               2D7      2D7      194      5AE       0
                maintext                            619      619      1DA      C32       0
                cstackBANK0                          20       20       12       20       1
                cstackCOMMON                         70       70        E       70       1
                clrtext                              52       52        8       A4       0
                bssBANK0                             32       32       10       20       1

TOTAL           Name                               Link     Load   Length     Space
        CLASS   STACK          

        CLASS   CODE           
                end_init                              0        0        3         0
                cinit                               7F3      7F3        D         0
                text19                              1AA      1AA       3F         0
                text18                              46B      46B      1AE         0
                text17                               4C       4C        6         0
                text16                               97       97       18         0
                text15                               AF       AF       19         0
                text14                               E9       E9       24         0
                text13                               83       83       14         0
                text12                               C8       C8       21         0
                text11                              1E9      1E9       44         0
                text10                              22D      22D       44         0
                text9                               271      271       66         0
                text8                               172      172       38         0
                text7                                76       76        D         0
                text6                               10D      10D       2E         0
                text5                                5A       5A        9         0
                text4                                63       63        9         0
                text3                                6C       6C        A         0
                text2                               13B      13B       37         0
                text1                               2D7      2D7      194         0
                maintext                            619      619      1DA         0
                clrtext                              52       52        8         0

        CLASS   STRCODE        

        CLASS   STRING         

        CLASS   CONST          

        CLASS   ENTRY          

        CLASS   COMMON         
                cstackCOMMON                         70       70        E         1

        CLASS   BANK0          
                cstackBANK0                          20       20       12         1
                bssBANK0                             32       32       10         1

        CLASS   BANK1          

        CLASS   BANK2          

        CLASS   BANK3          

        CLASS   RAM            

        CLASS   ABS1           
                abs_s1                               7E       7E        2         1

        CLASS   SFR0           

        CLASS   SFR1           

        CLASS   SFR2           

        CLASS   SFR3           

        CLASS   CONFIG         
                config                             2007     2007        2         4

        CLASS   IDLOC          

        CLASS   EEDATA         



SEGMENTS        Name                           Load    Length   Top    Selector   Space  Class     Delta

                reset_vec                      000000  000003  000003         0       0  CODE        2
                cstackBANK0                    000020  000022  000042        20       1  BANK0       1
                cstackCOMMON                   000070  00000E  00007E        70       1  COMMON      1
                text17                         00004C  000006  000052        98       0  CODE        2
                clrtext                        000052  000008  00005A        A4       0  CODE        2
                text5                          00005A  000009  000063        B4       0  CODE        2
                text4                          000063  000009  00006C        C6       0  CODE        2
                text3                          00006C  00000A  000076        D8       0  CODE        2
                text7                          000076  00000D  000083        EC       0  CODE        2
                text13                         000083  000014  000097       106       0  CODE        2
                text16                         000097  000018  0000AF       12E       0  CODE        2
                text15                         0000AF  000019  0000C8       15E       0  CODE        2
                text12                         0000C8  000021  0000E9       190       0  CODE        2
                text14                         0000E9  000024  00010D       1D2       0  CODE        2
                text6                          00010D  00002E  00013B       21A       0  CODE        2
                text2                          00013B  000037  000172       276       0  CODE        2
                text8                          000172  000038  0001AA       2E4       0  CODE        2
                text19                         0001AA  00003F  0001E9       354       0  CODE        2
                text11                         0001E9  000044  00022D       3D2       0  CODE        2
                text10                         00022D  000044  000271       45A       0  CODE        2
                text9                          000271  000066  0002D7       4E2       0  CODE        2
                text1                          0002D7  000194  00046B       5AE       0  CODE        2
                text18                         00046B  0001AE  000619       8D6       0  CODE        2
                maintext                       000619  0001DA  0007F3       C32       0  CODE        2
                cinit                          0007F3  00000D  000800       FE6       0  CODE        2


UNUSED ADDRESS RANGES

        Name                Unused          Largest block    Delta
        BANK0            0042-006F             2E           1
        BANK1            00A0-00EF             50           1
        BANK2            0110-016F             60           1
        BANK3            0190-01EF             60           1
        CODE             0003-004B             49           2
                         0800-1FFF            800
        CONST            0003-004B             49           2
                         0800-1FFF            100
        EEDATA           2100-21FF            100           2
        ENTRY            0003-004B             49           2
                         0800-1FFF            100
        IDLOC            2000-2003              4           2
        RAM              0042-006F             2E           1
                         00A0-00EF             50
                         0110-016F             60
                         0190-01EF             60
        SFR0             0000-001F             20           1
        SFR1             0080-009F             20           1
        SFR2             0100-010F             10           1
        SFR3             0180-018F             10           1
        STACK            0110-016F             60           1
        STRCODE          0003-004B             49           2
                         0800-1FFF           1800
        STRING           0003-004B             49           2
                         0800-1FFF            100

                                  Symbol Table

?_I2C_Master_Read          cstackCOMMON 0070
?___lldiv                  cstackCOMMON 0070
I2C_Master_Init@c          cstackBANK0  0020
I2C_Master_Read@a          cstackCOMMON 0070
I2C_Master_Read@temp       cstackCOMMON 0074
I2C_Master_Write@d         cstackCOMMON 0070
Lcd_Cmd@a                  cstackCOMMON 0073
Lcd_Port@a                 cstackCOMMON 0070
Lcd_Set_Cursor@a           cstackCOMMON 0076
Lcd_Set_Cursor@b           cstackCOMMON 0074
Lcd_Set_Cursor@temp        cstackCOMMON 0077
Lcd_Write_Char@a           cstackCOMMON 0072
Lcd_Write_String@a         cstackCOMMON 0076
Lcd_Write_String@i         cstackCOMMON 0074
_ANSEL                     (abs)        0188
_ANSELH                    (abs)        0189
_BASURA                    bssBANK0     003F
_C1                        bssBANK0     003A
_C2                        bssBANK0     0039
_C3                        bssBANK0     0038
_CERRADO                   bssBANK0     0033
_DH                        bssBANK0     0036
_DIA                       bssBANK0     003E
_DM                        bssBANK0     0034
_GIE                       (abs)        005F
_HORA                      bssBANK0     003D
_I2C_Master_Init           text8        0172
_I2C_Master_Read           text6        010D
_I2C_Master_Start          text5        005A
_I2C_Master_Stop           text4        0063
_I2C_Master_Wait           text7        0076
_I2C_Master_Write          text3        006C
_LECT1                     text18       046B
_Lcd_Cmd                   text16       0097
_Lcd_Init                  text15       00AF
_Lcd_Port                  text17       004C
_Lcd_Set_Cursor            text14       00E9
_Lcd_Write_Char            text13       0083
_Lcd_Write_String          text12       00C8
_MIN                       bssBANK0     003C
_NUM                       bssBANK0     0040
_OSCCONbits                (abs)        008F
_PARKH                     bssBANK0     0041
_PEIE                      (abs)        005E
_PORTA                     (abs)        0005
_PORTB                     (abs)        0006
_PORTBbits                 (abs)        0006
_PORTD                     (abs)        0008
_PORTEbits                 (abs)        0009
_SSPADD                    (abs)        0093
_SSPBUF                    (abs)        0013
_SSPCON                    (abs)        0014
_SSPCON2                   (abs)        0091
_SSPCON2bits               (abs)        0091
_SSPIE                     (abs)        0463
_SSPIF                     (abs)        0063
_SSPSTAT                   (abs)        0094
_TRISA                     (abs)        0085
_TRISB                     (abs)        0086
_TRISC3                    (abs)        043B
_TRISC4                    (abs)        043C
_TRISCbits                 (abs)        0087
_TRISD                     (abs)        0088
_TRISE                     (abs)        0089
_UH                        bssBANK0     0037
_UM                        bssBANK0     0035
__Habs1                    abs1         0000
__Hbank0                   bank0        0000
__Hbank1                   bank1        0000
__Hbank2                   bank2        0000
__Hbank3                   bank3        0000
__HbssBANK0                bssBANK0     0000
__Hcinit                   cinit        0800
__Hclrtext                 clrtext      0000
__Hcode                    code         0000
__Hcommon                  common       0000
__Hconfig                  config       2009
__HcstackBANK0             cstackBANK0  0000
__HcstackCOMMON            cstackCOMMON 0000
__Heeprom_data             eeprom_data  0000
__Hend_init                end_init     0003
__Hfunctab                 functab      0000
__Hinit                    init         0000
__Hintentry                intentry     0000
__Hmaintext                maintext     0000
__Hpowerup                 powerup      0000
__Hram                     ram          0000
__Hreset_vec               reset_vec    0000
__Hsfr0                    sfr0         0000
__Hsfr1                    sfr1         0000
__Hsfr2                    sfr2         0000
__Hsfr3                    sfr3         0000
__Hspace_0                 (abs)        0800
__Hspace_1                 (abs)        007E
__Hspace_2                 (abs)        0000
__Hspace_3                 (abs)        0000
__Hspace_4                 (abs)        4010
__Hstack                   stack        0000
__Hstrings                 strings      0000
__Htext                    text         0000
__Labs1                    abs1         0000
__Lbank0                   bank0        0000
__Lbank1                   bank1        0000
__Lbank2                   bank2        0000
__Lbank3                   bank3        0000
__LbssBANK0                bssBANK0     0000
__Lcinit                   cinit        07F3
__Lclrtext                 clrtext      0000
__Lcode                    code         0000
__Lcommon                  common       0000
__Lconfig                  config       0000
__LcstackBANK0             cstackBANK0  0000
__LcstackCOMMON            cstackCOMMON 0000
__Leeprom_data             eeprom_data  0000
__Lend_init                end_init     0000
__Lfunctab                 functab      0000
__Linit                    init         0000
__Lintentry                intentry     0000
__Lmaintext                maintext     0000
__Lpowerup                 powerup      0000
__Lram                     ram          0000
__Lreset_vec               reset_vec    0000
__Lsfr0                    sfr0         0000
__Lsfr1                    sfr1         0000
__Lsfr2                    sfr2         0000
__Lsfr3                    sfr3         0000
__Lspace_0                 (abs)        0000
__Lspace_1                 (abs)        0000
__Lspace_2                 (abs)        0000
__Lspace_3                 (abs)        0000
__Lspace_4                 (abs)        0000
__Lstack                   stack        0000
__Lstrings                 strings      0000
__Ltext                    text         0000
__S0                       (abs)        0800
__S1                       (abs)        007E
__S2                       (abs)        0000
__S3                       (abs)        0000
___int_sp                  stack        0000
___latbits                 (abs)        0002
___lldiv                   text9        0271
___lldiv@counter           cstackCOMMON 007D
___lldiv@dividend          cstackCOMMON 0074
___lldiv@divisor           cstackCOMMON 0070
___lldiv@quotient          cstackCOMMON 0079
___sp                      stack        0000
___stackhi                 (abs)        0000
___stacklo                 (abs)        0000
__end_of_I2C_Master_Init   text8        01AA
__end_of_I2C_Master_Read   text6        013B
__end_of_I2C_Master_Start  text5        0063
__end_of_I2C_Master_Stop   text4        006C
__end_of_I2C_Master_Wait   text7        0083
__end_of_I2C_Master_Write  text3        0076
__end_of_LECT1             text18       0619
__end_of_Lcd_Cmd           text16       00AF
__end_of_Lcd_Init          text15       00C8
__end_of_Lcd_Port          text17       0052
__end_of_Lcd_Set_Cursor    text14       010D
__end_of_Lcd_Write_Char    text13       0097
__end_of_Lcd_Write_String  text12       00E9
__end_of___lldiv           text9        02D7
__end_of__initialization   cinit        07FC
__end_of_conver            text11       022D
__end_of_conver1           text10       0271
__end_of_main              maintext     07F3
__end_of_num_ascii         text19       01E9
__end_of_osc_config        text2        0172
__end_of_setup             text1        046B
__initialization           cinit        07F3
__pbssBANK0                bssBANK0     0032
__pcstackBANK0             cstackBANK0  0020
__pcstackCOMMON            cstackCOMMON 0070
__pmaintext                maintext     0619
__ptext1                   text1        02D7
__ptext10                  text10       022D
__ptext11                  text11       01E9
__ptext12                  text12       00C8
__ptext13                  text13       0083
__ptext14                  text14       00E9
__ptext15                  text15       00AF
__ptext16                  text16       0097
__ptext17                  text17       004C
__ptext18                  text18       046B
__ptext19                  text19       01AA
__ptext2                   text2        013B
__ptext3                   text3        006C
__ptext4                   text4        0063
__ptext5                   text5        005A
__ptext6                   text6        010D
__ptext7                   text7        0076
__ptext8                   text8        0172
__ptext9                   text9        0271
__size_of_I2C_Master_Init  (abs)        0000
__size_of_I2C_Master_Read  (abs)        0000
__size_of_I2C_Master_Start (abs)        0000
__size_of_I2C_Master_Stop  (abs)        0000
__size_of_I2C_Master_Wait  (abs)        0000
__size_of_I2C_Master_Write (abs)        0000
__size_of_LECT1            (abs)        0000
__size_of_Lcd_Cmd          (abs)        0000
__size_of_Lcd_Init         (abs)        0000
__size_of_Lcd_Port         (abs)        0000
__size_of_Lcd_Set_Cursor   (abs)        0000
__size_of_Lcd_Write_Char   (abs)        0000
__size_of_Lcd_Write_String (abs)        0000
__size_of___lldiv          (abs)        0000
__size_of_conver           (abs)        0000
__size_of_conver1          (abs)        0000
__size_of_main             (abs)        0000
__size_of_num_ascii        (abs)        0000
__size_of_osc_config       (abs)        0000
__size_of_setup            (abs)        0000
_con                       bssBANK0     0032
_conver                    text11       01E9
_conver1                   text10       022D
_main                      maintext     0619
_num_ascii                 text19       01AA
_osc_config                text2        013B
_setup                     text1        02D7
btemp                      (abs)        007E
clear_ram0                 clrtext      0052
conver1@temporal           cstackBANK0  0020
conver@temporal            cstackBANK0  0020
end_of_initialization      cinit        07FC
intlevel0                  functab      0000
intlevel1                  functab      0000
intlevel2                  functab      0000
intlevel3                  functab      0000
intlevel4                  functab      0000
intlevel5                  functab      0000
num_ascii@num              cstackCOMMON 0072
osc_config@freq            cstackCOMMON 0072
reset_vec                  reset_vec    0000
start                      init         0000
start_initialization       cinit        07F3
wtemp0                     (abs)        007E


MODULE INFORMATION

Module		Function		Class		Link	Load	Size
Osc_config.c
		_osc_config    		CODE           	013B	0000	55

Osc_config.c estimated size: 55

I2C.c
		_I2C_Master_Read		CODE           	010D	0000	46
		_I2C_Master_Wait		CODE           	0076	0000	13
		_I2C_Master_Init		CODE           	0172	0000	56
		_I2C_Master_Stop		CODE           	0063	0000	9
		_I2C_Master_Write		CODE           	006C	0000	10
		_I2C_Master_Start		CODE           	005A	0000	9

I2C.c estimated size: 143

shared
		__initialization		CODE           	07F3	0000	9

shared estimated size: 9

main.c
		_main          		CODE           	0619	0000	474
		_conver1       		CODE           	022D	0000	68
		_setup         		CODE           	02D7	0000	404
		_LECT1         		CODE           	046B	0000	430
		_conver        		CODE           	01E9	0000	68

main.c estimated size: 1444

ASCII.c
		_num_ascii     		CODE           	01AA	0000	63

ASCII.c estimated size: 63

C:\Program Files\Microchip\xc8\v2.32\pic\sources\c90\common\__lldiv.c
		___lldiv       		CODE           	0271	0000	102

C:\Program Files\Microchip\xc8\v2.32\pic\sources\c90\common\__lldiv.c estimated size: 102

LCD.c
		_Lcd_Write_String		CODE           	00C8	0000	33
		_Lcd_Init      		CODE           	00AF	0000	25
		_Lcd_Write_Char		CODE           	0083	0000	20
		_Lcd_Cmd       		CODE           	0097	0000	24
		_Lcd_Set_Cursor		CODE           	00E9	0000	36
		_Lcd_Port      		CODE           	004C	0000	6

LCD.c estimated size: 144

