Microchip MPLAB XC8 Compiler V2.32

Linker command line:

-W-3 --edf=C:\Program Files\Microchip\xc8\v2.32\pic\dat\en_msgs.txt -cn \
  -h+dist/default/production\Proyecto_Master.X.production.sym \
  --cmf=dist/default/production\Proyecto_Master.X.production.cmf -z \
  -Q16F887 -oC:\Users\user\AppData\Local\Temp\xcAsbik.4 \
  --defsym=__MPLAB_BUILD=1 \
  -Mdist/default/production/Proyecto_Master.X.production.map -E1 \
  -ver=XC8 Compiler --acfsm=1493 -ASTACK=0110h-016Fh -pstack=STACK \
  -ACODE=00h-07FFhx4 -ASTRCODE=00h-01FFFh -ASTRING=00h-0FFhx32 \
  -ACONST=00h-0FFhx32 -AENTRY=00h-0FFhx32 -ACOMMON=070h-07Fh \
  -ABANK0=020h-06Fh -ABANK1=0A0h-0EFh -ABANK2=0110h-016Fh \
  -ABANK3=0190h-01EFh -ARAM=020h-06Fh,0A0h-0EFh,0110h-016Fh,0190h-01EFh \
  -AABS1=020h-07Fh,0A0h-0EFh,0110h-016Fh,0190h-01EFh -ASFR0=00h-01Fh \
  -ASFR1=080h-09Fh -ASFR2=0100h-010Fh -ASFR3=0180h-018Fh \
  -ACONFIG=02007h-02008h -DCONFIG=2 -AIDLOC=02000h-02003h -DIDLOC=2 \
  -AEEDATA=00h-0FFh/02100h -peeprom_data=EEDATA -DEEDATA=2 -DCODE=2 \
  -DSTRCODE=2 -DSTRING=2 -DCONST=2 -DENTRY=2 \
  -preset_vec=00h,intentry,init,end_init -ppowerup=CODE -pcinit=CODE \
  -pfunctab=ENTRY -k C:\Users\user\AppData\Local\Temp\xcAsbik.o \
  dist/default/production\Proyecto_Master.X.production.o 

Object code version is 3.11

Machine type is 16F887



                Name                               Link     Load   Length Selector   Space Scale
C:\Users\user\AppData\Local\Temp\xcAsbik.o
                end_init                              0        0        3        0       0
                config                             2007     2007        2        0       4
dist/default/production\Proyecto_Master.X.production.o
                cinit                               7EC      7EC       14      FD8       0
                config                             2007     2007        2        0       4
                text19                              290      290       3F      520       0
                text18                              4F6      4F6      174      9EC       0
                text17                              13A      13A        6      274       0
                text16                              17D      17D       18      2FA       0
                text15                              195      195       19      32A       0
                text14                              1CF      1CF       24      39E       0
                text13                              169      169       14      2D2       0
                text12                              1AE      1AE       21      35C       0
                text11                              2CF      2CF       44      59E       0
                text10                              313      313       44      626       0
                text9                               357      357       66      6AE       0
                text8                               258      258       38      4B0       0
                text7                               15C      15C        D      2B8       0
                text6                               1F3      1F3       2E      3E6       0
                text5                               140      140        9      280       0
                text4                               149      149        9      292       0
                text3                               152      152        A      2A4       0
                text2                               221      221       37      442       0
                text1                               3BD      3BD      139      77A       0
                maintext                            66A      66A      182      CD4       0
                cstackBANK0                          20       20       12       20       1
                cstackCOMMON                         70       70        E       70       1
                bssBANK0                             32       32        E       20       1

TOTAL           Name                               Link     Load   Length     Space
        CLASS   STACK          

        CLASS   CODE           
                end_init                              0        0        3         0
                cinit                               7EC      7EC       14         0
                text19                              290      290       3F         0
                text18                              4F6      4F6      174         0
                text17                              13A      13A        6         0
                text16                              17D      17D       18         0
                text15                              195      195       19         0
                text14                              1CF      1CF       24         0
                text13                              169      169       14         0
                text12                              1AE      1AE       21         0
                text11                              2CF      2CF       44         0
                text10                              313      313       44         0
                text9                               357      357       66         0
                text8                               258      258       38         0
                text7                               15C      15C        D         0
                text6                               1F3      1F3       2E         0
                text5                               140      140        9         0
                text4                               149      149        9         0
                text3                               152      152        A         0
                text2                               221      221       37         0
                text1                               3BD      3BD      139         0
                maintext                            66A      66A      182         0

        CLASS   STRCODE        

        CLASS   STRING         

        CLASS   CONST          

        CLASS   ENTRY          

        CLASS   COMMON         
                cstackCOMMON                         70       70        E         1

        CLASS   BANK0          
                cstackBANK0                          20       20       12         1
                bssBANK0                             32       32        E         1

        CLASS   BANK1          

        CLASS   BANK2          

        CLASS   BANK3          

        CLASS   RAM            

        CLASS   ABS1           
                abs_s1                               7E       7E        2         1

        CLASS   SFR0           

        CLASS   SFR1           

        CLASS   SFR2           

        CLASS   SFR3           

        CLASS   CONFIG         
                config                             2007     2007        2         4

        CLASS   IDLOC          

        CLASS   EEDATA         



SEGMENTS        Name                           Load    Length   Top    Selector   Space  Class     Delta

                reset_vec                      000000  000003  000003         0       0  CODE        2
                cstackBANK0                    000020  000020  000040        20       1  BANK0       1
                cstackCOMMON                   000070  00000E  00007E        70       1  COMMON      1
                text17                         00013A  000006  000140       274       0  CODE        2
                text5                          000140  000009  000149       280       0  CODE        2
                text4                          000149  000009  000152       292       0  CODE        2
                text3                          000152  00000A  00015C       2A4       0  CODE        2
                text7                          00015C  00000D  000169       2B8       0  CODE        2
                text13                         000169  000014  00017D       2D2       0  CODE        2
                text16                         00017D  000018  000195       2FA       0  CODE        2
                text15                         000195  000019  0001AE       32A       0  CODE        2
                text12                         0001AE  000021  0001CF       35C       0  CODE        2
                text14                         0001CF  000024  0001F3       39E       0  CODE        2
                text6                          0001F3  00002E  000221       3E6       0  CODE        2
                text2                          000221  000037  000258       442       0  CODE        2
                text8                          000258  000038  000290       4B0       0  CODE        2
                text19                         000290  00003F  0002CF       520       0  CODE        2
                text11                         0002CF  000044  000313       59E       0  CODE        2
                text10                         000313  000044  000357       626       0  CODE        2
                text9                          000357  000066  0003BD       6AE       0  CODE        2
                text1                          0003BD  000139  0004F6       77A       0  CODE        2
                text18                         0004F6  000174  00066A       9EC       0  CODE        2
                maintext                       00066A  000182  0007EC       CD4       0  CODE        2
                cinit                          0007EC  000014  000800       FD8       0  CODE        2


UNUSED ADDRESS RANGES

        Name                Unused          Largest block    Delta
        BANK0            0040-006F             30           1
        BANK1            00A0-00EF             50           1
        BANK2            0110-016F             60           1
        BANK3            0190-01EF             60           1
        CODE             0003-0139            137           2
                         0800-1FFF            800
        CONST            0003-0139             FD           2
                         0800-1FFF            100
        EEDATA           2100-21FF            100           2
        ENTRY            0003-0139             FD           2
                         0800-1FFF            100
        IDLOC            2000-2003              4           2
        RAM              0040-006F             30           1
                         00A0-00EF             50
                         0110-016F             60
                         0190-01EF             60
        SFR0             0000-001F             20           1
        SFR1             0080-009F             20           1
        SFR2             0100-010F             10           1
        SFR3             0180-018F             10           1
        STACK            0110-016F             60           1
        STRCODE          0003-0139            137           2
                         0800-1FFF           1800
        STRING           0003-0139             FD           2
                         0800-1FFF            100

                                  Symbol Table

?_I2C_Master_Read          cstackCOMMON 0070
?___lldiv                  cstackCOMMON 0070
I2C_Master_Init@c          cstackBANK0  0020
I2C_Master_Read@a          cstackCOMMON 0070
I2C_Master_Read@temp       cstackCOMMON 0074
I2C_Master_Write@d         cstackCOMMON 0070
Lcd_Cmd@a                  cstackCOMMON 0073
Lcd_Port@a                 cstackCOMMON 0070
Lcd_Set_Cursor@a           cstackCOMMON 0076
Lcd_Set_Cursor@b           cstackCOMMON 0074
Lcd_Set_Cursor@temp        cstackCOMMON 0077
Lcd_Write_Char@a           cstackCOMMON 0072
Lcd_Write_String@a         cstackCOMMON 0076
Lcd_Write_String@i         cstackCOMMON 0074
_ANSEL                     (abs)        0188
_ANSELH                    (abs)        0189
_BASURA                    bssBANK0     003D
_C1                        bssBANK0     0039
_C2                        bssBANK0     0038
_C3                        bssBANK0     0037
_DH                        bssBANK0     0035
_DIA                       bssBANK0     003C
_DM                        bssBANK0     0033
_GIE                       (abs)        005F
_HORA                      bssBANK0     003B
_I2C_Master_Init           text8        0258
_I2C_Master_Read           text6        01F3
_I2C_Master_Start          text5        0140
_I2C_Master_Stop           text4        0149
_I2C_Master_Wait           text7        015C
_I2C_Master_Write          text3        0152
_LECT1                     text18       04F6
_Lcd_Cmd                   text16       017D
_Lcd_Init                  text15       0195
_Lcd_Port                  text17       013A
_Lcd_Set_Cursor            text14       01CF
_Lcd_Write_Char            text13       0169
_Lcd_Write_String          text12       01AE
_MIN                       bssBANK0     003A
_NUM                       bssBANK0     003E
_OSCCONbits                (abs)        008F
_PARKH                     bssBANK0     003F
_PEIE                      (abs)        005E
_PORTA                     (abs)        0005
_PORTB                     (abs)        0006
_PORTD                     (abs)        0008
_PORTEbits                 (abs)        0009
_SSPADD                    (abs)        0093
_SSPBUF                    (abs)        0013
_SSPCON                    (abs)        0014
_SSPCON2                   (abs)        0091
_SSPCON2bits               (abs)        0091
_SSPIE                     (abs)        0463
_SSPIF                     (abs)        0063
_SSPSTAT                   (abs)        0094
_TRISA                     (abs)        0085
_TRISB                     (abs)        0086
_TRISC3                    (abs)        043B
_TRISC4                    (abs)        043C
_TRISCbits                 (abs)        0087
_TRISD                     (abs)        0088
_TRISE                     (abs)        0089
_UH                        bssBANK0     0036
_UM                        bssBANK0     0034
__Habs1                    abs1         0000
__Hbank0                   bank0        0000
__Hbank1                   bank1        0000
__Hbank2                   bank2        0000
__Hbank3                   bank3        0000
__HbssBANK0                bssBANK0     0000
__Hcinit                   cinit        0800
__Hclrtext                 clrtext      0000
__Hcode                    code         0000
__Hcommon                  common       0000
__Hconfig                  config       2009
__HcstackBANK0             cstackBANK0  0000
__HcstackCOMMON            cstackCOMMON 0000
__Heeprom_data             eeprom_data  0000
__Hend_init                end_init     0003
__Hfunctab                 functab      0000
__Hinit                    init         0000
__Hintentry                intentry     0000
__Hmaintext                maintext     0000
__Hpowerup                 powerup      0000
__Hram                     ram          0000
__Hreset_vec               reset_vec    0000
__Hsfr0                    sfr0         0000
__Hsfr1                    sfr1         0000
__Hsfr2                    sfr2         0000
__Hsfr3                    sfr3         0000
__Hspace_0                 (abs)        0800
__Hspace_1                 (abs)        007E
__Hspace_2                 (abs)        0000
__Hspace_3                 (abs)        0000
__Hspace_4                 (abs)        4010
__Hstack                   stack        0000
__Hstrings                 strings      0000
__Htext                    text         0000
__Labs1                    abs1         0000
__Lbank0                   bank0        0000
__Lbank1                   bank1        0000
__Lbank2                   bank2        0000
__Lbank3                   bank3        0000
__LbssBANK0                bssBANK0     0000
__Lcinit                   cinit        07EC
__Lclrtext                 clrtext      0000
__Lcode                    code         0000
__Lcommon                  common       0000
__Lconfig                  config       0000
__LcstackBANK0             cstackBANK0  0000
__LcstackCOMMON            cstackCOMMON 0000
__Leeprom_data             eeprom_data  0000
__Lend_init                end_init     0000
__Lfunctab                 functab      0000
__Linit                    init         0000
__Lintentry                intentry     0000
__Lmaintext                maintext     0000
__Lpowerup                 powerup      0000
__Lram                     ram          0000
__Lreset_vec               reset_vec    0000
__Lsfr0                    sfr0         0000
__Lsfr1                    sfr1         0000
__Lsfr2                    sfr2         0000
__Lsfr3                    sfr3         0000
__Lspace_0                 (abs)        0000
__Lspace_1                 (abs)        0000
__Lspace_2                 (abs)        0000
__Lspace_3                 (abs)        0000
__Lspace_4                 (abs)        0000
__Lstack                   stack        0000
__Lstrings                 strings      0000
__Ltext                    text         0000
__S0                       (abs)        0800
__S1                       (abs)        007E
__S2                       (abs)        0000
__S3                       (abs)        0000
___int_sp                  stack        0000
___latbits                 (abs)        0002
___lldiv                   text9        0357
___lldiv@counter           cstackCOMMON 007D
___lldiv@dividend          cstackCOMMON 0074
___lldiv@divisor           cstackCOMMON 0070
___lldiv@quotient          cstackCOMMON 0079
___sp                      stack        0000
___stackhi                 (abs)        0000
___stacklo                 (abs)        0000
__end_of_I2C_Master_Init   text8        0290
__end_of_I2C_Master_Read   text6        0221
__end_of_I2C_Master_Start  text5        0149
__end_of_I2C_Master_Stop   text4        0152
__end_of_I2C_Master_Wait   text7        0169
__end_of_I2C_Master_Write  text3        015C
__end_of_LECT1             text18       066A
__end_of_Lcd_Cmd           text16       0195
__end_of_Lcd_Init          text15       01AE
__end_of_Lcd_Port          text17       0140
__end_of_Lcd_Set_Cursor    text14       01F3
__end_of_Lcd_Write_Char    text13       017D
__end_of_Lcd_Write_String  text12       01CF
__end_of___lldiv           text9        03BD
__end_of__initialization   cinit        07FC
__end_of_conver            text11       0313
__end_of_conver1           text10       0357
__end_of_main              maintext     07EC
__end_of_num_ascii         text19       02CF
__end_of_osc_config        text2        0258
__end_of_setup             text1        04F6
__initialization           cinit        07EC
__pbssBANK0                bssBANK0     0032
__pcstackBANK0             cstackBANK0  0020
__pcstackCOMMON            cstackCOMMON 0070
__pmaintext                maintext     066A
__ptext1                   text1        03BD
__ptext10                  text10       0313
__ptext11                  text11       02CF
__ptext12                  text12       01AE
__ptext13                  text13       0169
__ptext14                  text14       01CF
__ptext15                  text15       0195
__ptext16                  text16       017D
__ptext17                  text17       013A
__ptext18                  text18       04F6
__ptext19                  text19       0290
__ptext2                   text2        0221
__ptext3                   text3        0152
__ptext4                   text4        0149
__ptext5                   text5        0140
__ptext6                   text6        01F3
__ptext7                   text7        015C
__ptext8                   text8        0258
__ptext9                   text9        0357
__size_of_I2C_Master_Init  (abs)        0000
__size_of_I2C_Master_Read  (abs)        0000
__size_of_I2C_Master_Start (abs)        0000
__size_of_I2C_Master_Stop  (abs)        0000
__size_of_I2C_Master_Wait  (abs)        0000
__size_of_I2C_Master_Write (abs)        0000
__size_of_LECT1            (abs)        0000
__size_of_Lcd_Cmd          (abs)        0000
__size_of_Lcd_Init         (abs)        0000
__size_of_Lcd_Port         (abs)        0000
__size_of_Lcd_Set_Cursor   (abs)        0000
__size_of_Lcd_Write_Char   (abs)        0000
__size_of_Lcd_Write_String (abs)        0000
__size_of___lldiv          (abs)        0000
__size_of_conver           (abs)        0000
__size_of_conver1          (abs)        0000
__size_of_main             (abs)        0000
__size_of_num_ascii        (abs)        0000
__size_of_osc_config       (abs)        0000
__size_of_setup            (abs)        0000
_con                       bssBANK0     0032
_conver                    text11       02CF
_conver1                   text10       0313
_main                      maintext     066A
_num_ascii                 text19       0290
_osc_config                text2        0221
_setup                     text1        03BD
btemp                      (abs)        007E
conver1@temporal           cstackBANK0  0020
conver@temporal            cstackBANK0  0020
end_of_initialization      cinit        07FC
intlevel0                  functab      0000
intlevel1                  functab      0000
intlevel2                  functab      0000
intlevel3                  functab      0000
intlevel4                  functab      0000
intlevel5                  functab      0000
num_ascii@num              cstackCOMMON 0072
osc_config@freq            cstackCOMMON 0072
reset_vec                  reset_vec    0000
start                      init         0000
start_initialization       cinit        07EC
wtemp0                     (abs)        007E


MODULE INFORMATION

Module		Function		Class		Link	Load	Size
Osc_config.c
		_osc_config    		CODE           	0221	0000	55

Osc_config.c estimated size: 55

I2C.c
		_I2C_Master_Read		CODE           	01F3	0000	46
		_I2C_Master_Wait		CODE           	015C	0000	13
		_I2C_Master_Init		CODE           	0258	0000	56
		_I2C_Master_Stop		CODE           	0149	0000	9
		_I2C_Master_Write		CODE           	0152	0000	10
		_I2C_Master_Start		CODE           	0140	0000	9

I2C.c estimated size: 143

shared
		__initialization		CODE           	07EC	0000	16

shared estimated size: 16

main.c
		_main          		CODE           	066A	0000	386
		_conver1       		CODE           	0313	0000	68
		_setup         		CODE           	03BD	0000	313
		_LECT1         		CODE           	04F6	0000	372
		_conver        		CODE           	02CF	0000	68

main.c estimated size: 1207

ASCII.c
		_num_ascii     		CODE           	0290	0000	63

ASCII.c estimated size: 63

C:\Program Files\Microchip\xc8\v2.32\pic\sources\c90\common\__lldiv.c
		___lldiv       		CODE           	0357	0000	102

C:\Program Files\Microchip\xc8\v2.32\pic\sources\c90\common\__lldiv.c estimated size: 102

LCD.c
		_Lcd_Write_String		CODE           	01AE	0000	33
		_Lcd_Init      		CODE           	0195	0000	25
		_Lcd_Write_Char		CODE           	0169	0000	20
		_Lcd_Cmd       		CODE           	017D	0000	24
		_Lcd_Set_Cursor		CODE           	01CF	0000	36
		_Lcd_Port      		CODE           	013A	0000	6

LCD.c estimated size: 144

